
> temp_next@0.1.0 build
> next build

npm : ??Warning: Next.j
s inferred your workspa
ce root, but it may not
 be correct.
위치 줄:1 문자:1
+ npm run build > build
_errors.txt 2>&1
+ ~~~~~~~~~~~~~~~~~~~~~
~~~~~~~~~~~~~~~~
    + CategoryInfo     
         : NotSpecifi  
  ed: (??Warning: Ne   
 xt...not be correc    
t.:String) [], Rem    o
teException
    + FullyQualifiedEr 
   rorId : NativeComm  
  andError
 
 We detected multiple l
ockfiles and selected t
he directory of D:\hsh\
package-lock.json as th
e root directory.
 To silence this warnin
g, set `turbopack.root`
 in your Next.js config
, or consider removing 
one of the lockfiles if
 it's not needed.
   See https://nextjs.o
rg/docs/app/api-referen
ce/config/next-config-j
s/turbopack#root-direct
ory for more informatio
n.
 Detected additional lo
ckfiles: 
   * D:\hsh\auto-detail
\package-lock.json

??Next.js 16.1.6 (Turbopack)

  Creating an optimized production build ...
Error: Can't resolve 't
ailwindcss-animate' in 
'D:\hsh\auto-detail\src
\app'
    [2m[at finishWitho
utResolve (D:\hsh\auto-
detail\node_modules\enh
anced-resolve\lib\Resol
ver.js:586:18)][0m
    [2m[at D:\hsh\auto
-detail\node_modules\en
hanced-resolve\lib\Reso
lver.js:678:14][0m
    [2m[at D:\hsh\auto
-detail\node_modules\en
hanced-resolve\lib\Reso
lver.js:739:5][0m
    [2m[at eval (eval 
at create (D:\hsh\auto-
detail\node_modules\tap
able\lib\HookCodeFactor
y.js:31:10), <anonymous
>:15:1)][0m
    [2m[at D:\hsh\auto
-detail\node_modules\en
hanced-resolve\lib\Reso
lver.js:739:5][0m
    [2m[at eval (eval 
at create (D:\hsh\auto-
detail\node_modules\tap
able\lib\HookCodeFactor
y.js:31:10), <anonymous
>:27:1)][0m
    [2m[at D:\hsh\auto
-detail\node_modules\en
hanced-resolve\lib\Desc
riptionFilePlugin.js:89
:43][0m
    [2m[at D:\hsh\auto
-detail\node_modules\en
hanced-resolve\lib\Reso
lver.js:739:5][0m
    [2m[at eval (eval 
at create (D:\hsh\auto-
detail\node_modules\tap
able\lib\HookCodeFactor
y.js:31:10), <anonymous
>:15:1)][0m
    [2m[at D:\hsh\auto
-detail\node_modules\en
hanced-resolve\lib\Reso
lver.js:739:5][0m {
  details: "resolve 'ta
ilwindcss-animate' in '
D:\\hsh\\auto-detail\\s
rc\\app'\n" +
    '  Parsed request i
s a module\n' +
    '  using descriptio
n file: D:\\hsh\\auto-d
etail\\package.json (re
lative path: ./src/app)
\n' +
    '    resolve as mod
ule\n' +
    "      D:\\hsh\\aut
o-detail\\src\\app\\nod
e_modules doesn't exist
 or is not a directory\
n" +
    "      D:\\hsh\\aut
o-detail\\src\\node_mod
ules doesn't exist or i
s not a directory\n" +
    '      looking for 
modules in D:\\hsh\\aut
o-detail\\node_modules\
n' +
    '        single fil
e module\n' +
    '          using de
scription file: D:\\hsh
\\auto-detail\\package.
json (relative path: ./
node_modules/tailwindcs
s-animate)\n' +
    '            no ext
ension\n' +
    "              D:\\
hsh\\auto-detail\\node_
modules\\tailwindcss-an
imate doesn't exist\n" 
+
    '            .js\n'
 +
    "              D:\\
hsh\\auto-detail\\node_
modules\\tailwindcss-an
imate.js doesn't exist\
n" +
    '            .json\
n' +
    "              D:\\
hsh\\auto-detail\\node_
modules\\tailwindcss-an
imate.json doesn't exis
t\n" +
    '            .node\
n' +
    "              D:\\
hsh\\auto-detail\\node_
modules\\tailwindcss-an
imate.node doesn't exis
t\n" +
    '            .ts\n'
 +
    "              D:\\
hsh\\auto-detail\\node_
modules\\tailwindcss-an
imate.ts doesn't exist\
n" +
    "        D:\\hsh\\a
uto-detail\\node_module
s\\tailwindcss-animate 
doesn't exist\n" +
    "      D:\\hsh\\nod
e_modules doesn't exist
 or is not a directory\
n" +
    "      D:\\node_mod
ules doesn't exist or i
s not a directory"
}

> Build error occurred
Error: Turbopack build 
failed with 1 errors:
./auto-detail/src/app/g
lobals.css
Error evaluating Node.j
s code
CssSyntaxError: tailwin
dcss: D:\hsh\auto-detai
l\src\app\globals.css:1
:1: Can't resolve 'tail
windcss-animate' in 'D:
\hsh\auto-detail\src\ap
p'
    at Input.error (aut
o-detail/node_modules/p
ostcss/lib/input.js:135
:16) [D:\hsh\auto-detai
l\.next\build\chunks\e6
2f2_da2fba2b._.js:4651:
22]
    at Root.error (auto
-detail/node_modules/po
stcss/lib/node.js:146:3
2) [D:\hsh\auto-detail\
.next\build\chunks\e62f
2_da2fba2b._.js:928:38]
    [at Object.Once (D:
\hsh\auto-detail\node_m
odules\@tailwindcss\pos
tcss\dist\index.js:10:6
913)]
    at async LazyResult
.runAsync (auto-detail/
node_modules/postcss/li
b/lazy-result.js:293:11
) [D:\hsh\auto-detail\.
next\build\chunks\e62f2
_da2fba2b._.js:6214:21]
    at async transform 
(turbopack:///[turbopac
k-node]/transforms/post
css.ts:70:34) [D:\hsh\a
uto-detail\.next\build\
chunks\[root-of-the-ser
ver]__7bf92eb8._.js:146
:36]
    at async run (turbo
pack:///[turbopack-node
]/ipc/evaluate.ts:92:23
) [D:\hsh\auto-detail\.
next\build\chunks\[root
-of-the-server]__7a965c
0b._.js:443:31]

Import trace:
  Client Component Brow
ser:
    ./auto-detail/src/a
pp/globals.css [Client 
Component Browser]
    ./auto-detail/src/a
pp/layout.tsx [Server C
omponent]


    at async transform 
(turbopack:///[turbopac
k-node]/transforms/post
css.ts:70:34) [D:\hsh\a
uto-detail\.next\build\
chunks\[root-of-the-ser
ver]__7bf92eb8._.js:146
:36])
    at async run (turbo
pack:///[turbopack-node
]/ipc/evaluate.ts:92:23
) [D:\hsh\auto-detail\.
next\build\chunks\[root
-of-the-server]__7a965c
0b._.js:443:31])
